---
source: crates/indexer/tests/snapshot_tests.rs
expression: rows
---
[
  {
    "event_digest": "ANWsTo2GoYDeW6FPADFBeJ6gooaL4U7QvfLrsm8rc7dc0",
    "digest": "ANWsTo2GoYDeW6FPADFBeJ6gooaL4U7QvfLrsm8rc7dc",
    "sender": "0x5d60ed19cdee4ec700185ec0e72e68d5491dc148d567db0d191d9496fb92aeba",
    "checkpoint": "258579946",
    "timestamp": "1970-01-01 00:00:00.000000",
    "checkpoint_timestamp_ms": "1761866529281",
    "package": "",
    "margin_pool_id": "0x4b66d48e11cf9d6b82ab350185d7929494f622c0fff25a8e93e044ca76e4eb1a",
    "total_shares": "1001000000994",
    "referral_fees": "17650",
    "maintainer_fees": "8824",
    "protocol_fees": "8824",
    "onchain_timestamp": "1761866529281"
  }
]
